== test chunk ==
0000  123 OP_CONSTANT         0 '1.2'
0002    | OP_CONSTANT         1 '3.4'
0004    | OP_ADD
0005    | OP_CONSTANT         2 '5.6'
0007    | OP_DIVIDE
0008    | OP_NEGATE
0009    | OP_RETURN
          
0000  123 OP_CONSTANT         0 '1.2'
          [ 1.2 ]
0002    | OP_CONSTANT         1 '3.4'
          [ 1.2 ][ 3.4 ]
0004    | OP_ADD
          [ 4.6 ]
0005    | OP_CONSTANT         2 '5.6'
          [ 4.6 ][ 5.6 ]
0007    | OP_DIVIDE
          [ 0.8214285714285714 ]
0008    | OP_NEGATE
          [ -0.8214285714285714 ]
0009    | OP_RETURN
-0.8214285714285714
